Start MessageMenue Task...I (11800) gpio: GPIO[3]| InputEn: 1| OutputEn: 0| OpenDrain: 0| Pullup: 0| Pulldown: 1| Intr:3
ESP-ROM:esp32s3-20210327
Build:Mar 27 2021
rst:0xc (RTC_SW_CPU_RST),boot:0xa (SPI_FAST_FLASH_BOOT)
Saved PC:0x403809d6
SPIWP:0xee
mode:DIO, clock div:1
load:0x3fce2810,len:0x15a0
load:0x403c8700,len:0x4
load:0x403c8704,len:0xd20
load:0x403cb700,len:0x2f00
entry 0x403c8920
I (26) boot: ESP-IDF 5.4.1 2nd stage bootloader
I (26) boot: compile time Feb 19 2026 18:17:21
I (26) boot: Multicore bootloader
I (27) boot: chip revision: v0.2
I (29) boot: efuse block revision: v1.3
I (33) boot.esp32s3: Boot SPI Speed : 80MHz
I (37) boot.esp32s3: SPI Mode       : DIO
I (40) boot.esp32s3: SPI Flash Size : 16MB
I (44) boot: Enabling RNG early entropy source...
I (49) boot: Partition Table:
I (51) boot: ## Label            Usage          Type ST Offset   Length
I (58) boot:  0 nvs              WiFi data        01 02 00009000 00004000
I (64) boot:  1 otadata          OTA data         01 00 0000d000 00002000
I (71) boot:  2 phy_init         RF data          01 01 0000f000 00001000
I (77) boot:  3 factory          factory app      00 00 00010000 00400000
I (84) boot:  4 ota_0            OTA app          00 10 00410000 00400000
I (90) boot:  5 ota_1            OTA app          00 11 00810000 00400000
I (97) boot:  6 storage          Unknown data     01 82 00c10000 003f0000
I (103) boot: End of partition table
I (106) boot: Defaulting to factory image
I (110) esp_image: segment 0: paddr=00010020 vaddr=3c120020 size=a865ch (689756) map
I (240) esp_image: segment 1: paddr=000b8684 vaddr=3fc9f000 size=05dc0h ( 24000) load
I (245) esp_image: segment 2: paddr=000be44c vaddr=40374000 size=01bcch (  7116) load
I (247) esp_image: segment 3: paddr=000c0020 vaddr=42000020 size=119ed0h (1154768) map
I (456) esp_image: segment 4: paddr=001d9ef8 vaddr=40375bcc size=19400h (103424) load
I (479) esp_image: segment 5: paddr=001f3300 vaddr=600fe000 size=00120h (   288) load
I (490) boot: Loaded app from partition at offset 0x10000
I (490) boot: Disabling RNG early entropy source...
[0;32mI (500) octal_psram: vendor id    : 0x0d (AP)
I (500) octal_psram: dev id       : 0x02 (generation 3)
[0;32mI (501) octal_psram: density      : 0x03 (64 Mbit)
[0;32mI (505) octal_psram: good-die     : 0x01 (Pass)
[0;32mI (511) octal_psram: Latency      : 0x01 (Fixed)
[0;32mI (516) octal_psram: VCC          : 0x01 (3V)
[0;32mI (521) octal_psram: SRF          : 0x01 (Fast Refresh)
[0;32mI (527) octal_psram: BurstType    : 0x01 (Hybrid Wrap)
[0;32mI (533) octal_psram: BurstLen     : 0x01 (32 Byte)
[0;32mI (538) octal_psram: Readlatency  : 0x02 (10 cycles@Fixed)
[0;32mI (544) octal_psram: DriveStrength: 0x00 (1/1)
[0;32mI (549) esp_psram: Found 8MB PSRAM device
[0;32mI (554) esp_psram: Speed: 40MHz
[0;32mI (558) cpu_start: Multicore app
[0;32mI (1293) esp_psram: SPI SRAM memory test OK
[0;32mI (1302) cpu_start: Pro cpu start user code
I (1302) cpu_start: cpu freq: 240000000 Hz
[0;32mI (1302) app_init: Application information:
[0;32mI (1305) app_init: Project name:     Mobus_V2
[0;32mI (1310) app_init: App version:      f3a3f48-dirty
[0;32mI (1315) app_init: Compile time:     Feb 19 2026 21:18:36
[0;32mI (1321) app_init: ELF file SHA256:  0331ae611759c191...
[0;32mI (1327) app_init: ESP-IDF:          5.4.1
[0;32mI (1332) efuse_init: Min chip rev:     v0.0
[0;32mI (1337) efuse_init: Max chip rev:     v0.99
[0;32mI (1342) efuse_init: Chip rev:         v0.2
[0;32mI (1347) heap_init: Initializing. RAM available for dynamic allocation:
[0;32mI (1354) heap_init: At 3FCB4FA8 len 00034768 (209 KiB): RAM
[0;32mI (1360) heap_init: At 3FCE9710 len 00005724 (21 KiB): RAM
[0;32mI (1367) heap_init: At 3FCF0000 len 00008000 (32 KiB): DRAM
[0;32mI (1373) heap_init: At 600FE120 len 00001EC8 (7 KiB): RTCRAM
[0;32mI (1379) esp_psram: Adding pool of 8192K of PSRAM memory to heap allocator
[0;32mI (1388) spi_flash: detected chip: gd
[0;32mI (1391) spi_flash: flash io: dio
[0;33mW (1397) i2c: This driver is an old driver, please migrate your application code to adapt `driver/i2c_master.h`
[0;32mI (1410) sleep_gpio: Configure to isolate all GPIO pins in sleep state
[0;32mI (1413) sleep_gpio: Enable automatic switching of GPIO sleep configuration
[0;32mI (1421) coexist: coex firmware version: e727207
[0;32mI (1426) coexist: coexist rom version e7ae62f
[0;32mI (1432) main_task: Started on CPU0
[0;32mI (1442) esp_psram: Reserving pool of 32K of internal memory for DMA/internal allocations
[0;32mI (1442) main_task: Calling app_main()
Hello world!!!!
[0;33mW (1452) Mobus v3.14: [FactoryReset] requested; erasing NVS and rebooting
ESP-ROM:esp32s3-20210327
Build:Mar 27 2021
rst:0xc (RTC_SW_CPU_RST),boot:0xa (SPI_FAST_FLASH_BOOT)
Saved PC:0x40377e79
SPIWP:0xee
mode:DIO, clock div:1
load:0x3fce2810,len:0x15a0
load:0x403c8700,len:0x4
load:0x403c8704,len:0xd20
load:0x403cb700,len:0x2f00
entry 0x403c8920
I (26) boot: ESP-IDF 5.4.1 2nd stage bootloader
I (26) boot: compile time Feb 19 2026 18:17:21
I (26) boot: Multicore bootloader
I (27) boot: chip revision: v0.2
I (29) boot: efuse block revision: v1.3
I (33) boot.esp32s3: Boot SPI Speed : 80MHz
I (37) boot.esp32s3: SPI Mode       : DIO
I (40) boot.esp32s3: SPI Flash Size : 16MB
I (44) boot: Enabling RNG early entropy source...
I (49) boot: Partition Table:
I (51) boot: ## Label            Usage          Type ST Offset   Length
I (58) boot:  0 nvs              WiFi data        01 02 00009000 00004000
I (64) boot:  1 otadata          OTA data         01 00 0000d000 00002000
I (71) boot:  2 phy_init         RF data          01 01 0000f000 00001000
I (77) boot:  3 factory          factory app      00 00 00010000 00400000
I (84) boot:  4 ota_0            OTA app          00 10 00410000 00400000
I (90) boot:  5 ota_1            OTA app          00 11 00810000 00400000
I (97) boot:  6 storage          Unknown data     01 82 00c10000 003f0000
I (103) boot: End of partition table
I (106) boot: Defaulting to factory image
I (110) esp_image: segment 0: paddr=00010020 vaddr=3c120020 size=a865ch (689756) map
I (239) esp_image: segment 1: paddr=000b8684 vaddr=3fc9f000 size=05dc0h ( 24000) load
I (245) esp_image: segment 2: paddr=000be44c vaddr=40374000 size=01bcch (  7116) load
I (247) esp_image: segment 3: paddr=000c0020 vaddr=42000020 size=119ed0h (1154768) map
I (454) esp_image: segment 4: paddr=001d9ef8 vaddr=40375bcc size=19400h (103424) load
I (477) esp_image: segment 5: paddr=001f3300 vaddr=600fe000 size=00120h (   288) load
I (488) boot: Loaded app from partition at offset 0x10000
I (488) boot: Disabling RNG early entropy source...
[0;32mI (498) octal_psram: vendor id    : 0x0d (AP)
[0;32mI (499) octal_psram: dev id       : 0x02 (generation 3)
[0;32mI (499) octal_psram: density      : 0x03 (64 Mbit)
[0;32mI (504) octal_psram: good-die     : 0x01 (Pass)
[0;32mI (509) octal_psram: Latency      : 0x01 (Fixed)
[0;32mI (514) octal_psram: VCC          : 0x01 (3V)
[0;32mI (519) octal_psram: SRF          : 0x01 (Fast Refresh)
[0;32mI (525) octal_psram: BurstType    : 0x01 (Hybrid Wrap)
[0;32mI (531) octal_psram: BurstLen     : 0x01 (32 Byte)
[0;32mI (536) octal_psram: Readlatency  : 0x02 (10 cycles@Fixed)
[0;32mI (543) octal_psram: DriveStrength: 0x00 (1/1)
[0;32mI (548) esp_psram: Found 8MB PSRAM device
[0;32mI (552) esp_psram: Speed: 40MHz
[0;32mI (556) cpu_start: Multicore app
[0;32mI (1291) esp_psram: SPI SRAM memory test OK
[0;32mI (1300) cpu_start: Pro cpu start user code
I (1300) cpu_start: cpu freq: 240000000 Hz
[0;32mI (1300) app_init: Application information:
[0;32mI (1303) app_init: Project name:     Mobus_V2
[0;32mI (1308) app_init: App version:      f3a3f48-dirty
[0;32mI (1314) app_init: Compile time:     Feb 19 2026 21:18:36
[0;32mI (1320) app_init: ELF file SHA256:  0331ae611759c191...
[0;32mI (1326) app_init: ESP-IDF:          5.4.1
[0;32mI (1330) efuse_init: Min chip rev:     v0.0
[0;32mI (1335) efuse_init: Max chip rev:     v0.99
[0;32mI (1340) efuse_init: Chip rev:         v0.2
[0;32mI (1345) heap_init: Initializing. RAM available for dynamic allocation:
[0;32mI (1353) heap_init: At 3FCB4FA8 len 00034768 (209 KiB): RAM
[0;32mI (1359) heap_init: At 3FCE9710 len 00005724 (21 KiB): RAM
[0;32mI (1365) heap_init: At 3FCF0000 len 00008000 (32 KiB): DRAM
[0;32mI (1371) heap_init: At 600FE120 len 00001EC8 (7 KiB): RTCRAM
[0;32mI (1378) esp_psram: Adding pool of 8192K of PSRAM memory to heap allocator
[0;32mI (1386) spi_flash: detected chip: gd
[0;32mI (1389) spi_flash: flash io: dio
[0;33mW (1395) i2c: This driver is an old driver, please migrate your application code to adapt `driver/i2c_master.h`
[0;32mI (1408) sleep_gpio: Configure to isolate all GPIO pins in sleep state
[0;32mI (1412) sleep_gpio: Enable automatic switching of GPIO sleep configuration
[0;32mI (1419) coexist: coex firmware version: e727207
[0;32mI (1424) coexist: coexist rom version e7ae62f
[0;32mI (1430) main_task: Started on CPU0
[0;32mI (1440) esp_psram: Reserving pool of 32K of internal memory for DMA/internal allocations
[0;32mI (1440) main_task: Calling app_main()
Hello world!!!!
Guru Meditation Error: Core  0 panic'ed (LoadProhibited). Exception was unhandled.

Core  0 register dump:
PC      : 0x42032ae4  PS      : 0x00060030  A0      : 0x8205a0a8  A1      : 0x3fcd07e0
A2      : 0x3fcb5820  A3      : 0x00000000  A4      : 0x3fcb5820  A5      : 0x3fc9f4c8
A6      : 0x3c19e2c0  A7      : 0x00000000  A8      : 0x82032ad5  A9      : 0x3fcd07c0
A10     : 0x3fc9f4d4  A11     : 0x00000000  A12     : 0x00060e20  A13     : 0x00000080
A14     : 0x00000001  A15     : 0x00000000  SAR     : 0x00000004  EXCCAUSE: 0x0000001c
EXCVADDR: 0x00000000  LBEG    : 0x400556d5  LEND    : 0x400556e5  LCOUNT  : 0xfffffffd


Backtrace: 0x42032ae1:0x3fcd07e0 0x4205a0a5:0x3fcd0810 0x420f7232:0x3fcd0830 0x4203b211:0x3fcd0850 0x4205a0b1:0x3fcd0870 0x420f417a:0x3fcd0890 0x420f3309:0x3fcd08b0 0x420f335a:0x3fcd08d0 0x420f3a6d:0x3fcd08f0 0x4210547f:0x3fcd0920 0x42104e86:0x3fcd0940 0x420f4391:0x3fcd0c60 0x42119e81:0x3fcd0c90 0x403896a6:0x3fcd0cc0 0x420105d3:0x3fcd0d10 0x4201c32e:0x3fcd0de0 0x4211931c:0x3fcd0ec0




ELF file SHA256: 0331ae611759c191

Rebooting...
ESP-ROM:esp32s3-20210327
Build:Mar 27 2021
rst:0xc (RTC_SW_CPU_RST),boot:0xa (SPI_FAST_FLASH_BOOT)
Saved PC:0x40377e79
SPIWP:0xee
mode:DIO, clock div:1
load:0x3fce2810,len:0x15a0
load:0x403c8700,len:0x4
load:0x403c8704,len:0xd20
load:0x403cb700,len:0x2f00
entry 0x403c8920
I (26) boot: ESP-IDF 5.4.1 2nd stage bootloader
I (26) boot: compile time Feb 19 2026 18:17:21
I (26) boot: Multicore bootloader
I (27) boot: chip revision: v0.2
I (29) boot: efuse block revision: v1.3
I (33) boot.esp32s3: Boot SPI Speed : 80MHz
I (37) boot.esp32s3: SPI Mode       : DIO
I (40) boot.esp32s3: SPI Flash Size : 16MB
I (44) boot: Enabling RNG early entropy source...
I (49) boot: Partition Table:
I (51) boot: ## Label            Usage          Type ST Offset   Length
I (58) boot:  0 nvs              WiFi data        01 02 00009000 00004000
I (64) boot:  1 otadata          OTA data         01 00 0000d000 00002000
I (71) boot:  2 phy_init         RF data          01 01 0000f000 00001000
I (77) boot:  3 factory          factory app      00 00 00010000 00400000
I (84) boot:  4 ota_0            OTA app          00 10 00410000 00400000
I (90) boot:  5 ota_1            OTA app          00 11 00810000 00400000
I (97) boot:  6 storage          Unknown data     01 82 00c10000 003f0000
I (103) boot: End of partition table
I (106) boot: Defaulting to factory image
I (110) esp_image: segment 0: paddr=00010020 vaddr=3c120020 size=a865ch (689756) map
I (239) esp_image: segment 1: paddr=000b8684 vaddr=3fc9f000 size=05dc0h ( 24000) load
I (245) esp_image: segment 2: paddr=000be44c vaddr=40374000 size=01bcch (  7116) load
I (247) esp_image: segment 3: paddr=000c0020 vaddr=42000020 size=119ed0h (1154768) map
I (454) esp_image: segment 4: paddr=001d9ef8 vaddr=40375bcc size=19400h (103424) load
I (477) esp_image: segment 5: paddr=001f3300 vaddr=600fe000 size=00120h (   288) load
I (488) boot: Loaded app from partition at offset 0x10000
I (488) boot: Disabling RNG early entropy source...
[0;32mI (498) octal_psram: vendor id    : 0x0d (AP)
[0;32mI (499) octal_psram: dev id       : 0x02 (generation 3)
[0;32mI (499) octal_psram: density      : 0x03 (64 Mbit)
[0;32mI (504) octal_psram: good-die     : 0x01 (Pass)
[0;32mI (509) octal_psram: Latency      : 0x01 (Fixed)
[0;32mI (514) octal_psram: VCC          : 0x01 (3V)
[0;32mI (519) octal_psram: SRF          : 0x01 (Fast Refresh)
[0;32mI (525) octal_psram: BurstType    : 0x01 (Hybrid Wrap)
[0;32mI (531) octal_psram: BurstLen     : 0x01 (32 Byte)
[0;32mI (536) octal_psram: Readlatency  : 0x02 (10 cycles@Fixed)
[0;32mI (543) octal_psram: DriveStrength: 0x00 (1/1)
[0;32mI (548) esp_psram: Found 8MB PSRAM device
[0;32mI (552) esp_psram: Speed: 40MHz
[0;32mI (556) cpu_start: Multicore app
[0;32mI (1291) esp_psram: SPI SRAM memory test OK
[0;32mI (1300) cpu_start: Pro cpu start user code
I (1300) cpu_start: cpu freq: 240000000 Hz
[0;32mI (1300) app_init: Application information:
[0;32mI (1303) app_init: Project name:     Mobus_V2
[0;32mI (1308) app_init: App version:      f3a3f48-dirty
[0;32mI (1314) app_init: Compile time:     Feb 19 2026 21:18:36
[0;32mI (1320) app_init: ELF file SHA256:  0331ae611759c191...
[0;32mI (1326) app_init: ESP-IDF:          5.4.1
[0;32mI (1330) efuse_init: Min chip rev:     v0.0
[0;32mI (1335) efuse_init: Max chip rev:     v0.99
[0;32mI (1340) efuse_init: Chip rev:         v0.2
[0;32mI (1345) heap_init: Initializing. RAM available for dynamic allocation:
[0;32mI (1353) heap_init: At 3FCB4FA8 len 00034768 (209 KiB): RAM
[0;32mI (1359) heap_init: At 3FCE9710 len 00005724 (21 KiB): RAM
[0;32mI (1365) heap_init: At 3FCF0000 len 00008000 (32 KiB): DRAM
[0;32mI (1371) heap_init: At 600FE120 len 00001EC8 (7 KiB): RTCRAM
[0;32mI (1378) esp_psram: Adding pool of 8192K of PSRAM memory to heap allocator
[0;32mI (1386) spi_flash: detected chip: gd
[0;32mI (1389) spi_flash: flash io: dio
[0;33mW (1395) i2c: This driver is an old driver, please migrate your application code to adapt `driver/i2c_master.h`
[0;32mI (1408) sleep_gpio: Configure to isolate all GPIO pins in sleep state
[0;32mI (1412) sleep_gpio: Enable automatic switching of GPIO sleep configuration
[0;32mI (1419) coexist: coex firmware version: e727207
[0;32mI (1424) coexist: coexist rom version e7ae62f
[0;32mI (1430) main_task: Started on CPU0
[0;32mI (1440) esp_psram: Reserving pool of 32K of internal memory for DMA/internal allocations
[0;32mI (1440) main_task: Calling app_main()
Hello world!!!!
[0;32mI (1450) Mobus v3.14: ESP_WIFI_MODE_STA
[0;32mI (1460) pp: pp rom version: e7ae62f
[0;32mI (1460) net80211: net80211 rom version: e7ae62f
Guru Meditation Error: Core  0 panic'ed (LoadProhibited). Exception was unhandled.

Core  0 register dump:
PC      : 0x42032ae4  PS      : 0x00060730  A0      : 0x8205a0a8  A1      : 0x3fcd06b0
A2      : 0x3fcb5820  A3      : 0x00000000  A4      : 0x3fcb5820  A5      : 0x3fc9f4c8
A6      : 0x3c19e2c0  A7      : 0x00000000  A8      : 0x82032ad5  A9      : 0x3fcd0690
A10     : 0x3fc9f4d4  A11     : 0x00000000  A12     : 0x00060520  A13     : 0x00000080
A14     : 0x00000001  A15     : 0x00000000  SAR     : 0x00000004  EXCCAUSE: 0x0000001c
EXCVADDR: 0x00000000  LBEG    : 0x400556d5  LEND    : 0x400556e5  LCOUNT  : 0xffffffff


Backtrace: 0x42032ae1:0x3fcd06b0 0x4205a0a5:0x3fcd06e0 0x420f7232:0x3fcd0700 0x4203b211:0x3fcd0720 0x4205a0b1:0x3fcd0740 0x420f417a:0x3fcd0760 0x420f3309:0x3fcd0780 0x420f335a:0x3fcd07a0 0x420f3a6d:0x3fcd07c0 0x4210547f:0x3fcd07f0 0x42104e49:0x3fcd0810 0x420f4391:0x3fcd0b30 0x42119e81:0x3fcd0b60 0x403896a6:0x3fcd0b90 0x420848f7:0x3fcd0be0 0x4209c529:0x3fcd0c50 0x4209b5d7:0x3fcd0c90 0x4208f1ae:0x3fcd0cb0 0x4208f5a0:0x3fcd0cd0 0x4203b426:0x3fcd0cf0 0x420106b9:0x3fcd0d10 0x4201c32e:0x3fcd0de0 0x4211931c:0x3fcd0ec0




ELF file SHA256: 0331ae611759c191

Rebooting...
ESP-ROM:esp32s3-20210327
Build:Mar 27 2021
rst:0xc (RTC_SW_CPU_RST),boot:0xa (SPI_FAST_FLASH_BOOT)
Saved PC:0x40377e79
SPIWP:0xee
mode:DIO, clock div:1
load:0x3fce2810,len:0x15a0
load:0x403c8700,len:0x4
load:0x403c8704,len:0xd20
load:0x403cb700,len:0x2f00
entry 0x403c8920
I (26) boot: ESP-IDF 5.4.1 2nd stage bootloader
I (26) boot: compile time Feb 19 2026 18:17:21
I (26) boot: Multicore bootloader
I (27) boot: chip revision: v0.2
I (29) boot: efuse block revision: v1.3
I (33) boot.esp32s3: Boot SPI Speed : 80MHz
I (37) boot.esp32s3: SPI Mode       : DIO
I (40) boot.esp32s3: SPI Flash Size : 16MB
I (44) boot: Enabling RNG early entropy source...
I (49) boot: Partition Table:
I (51) boot: ## Label            Usage          Type ST Offset   Length
I (58) boot:  0 nvs              WiFi data        01 02 00009000 00004000
I (64) boot:  1 otadata          OTA data         01 00 0000d000 00002000
I (71) boot:  2 phy_init         RF data          01 01 0000f000 00001000
I (77) boot:  3 factory          factory app      00 00 00010000 00400000
I (84) boot:  4 ota_0            OTA app          00 10 00410000 00400000
I (90) boot:  5 ota_1            OTA app          00 11 00810000 00400000
I (97) boot:  6 storage          Unknown data     01 82 00c10000 003f0000
I (103) boot: End of partition table
I (106) boot: Defaulting to factory image
I (110) esp_image: segment 0: paddr=00010020 vaddr=3c120020 size=a865ch (689756) map
I (239) esp_image: segment 1: paddr=000b8684 vaddr=3fc9f000 size=05dc0h ( 24000) load
I (245) esp_image: segment 2: paddr=000be44c vaddr=40374000 size=01bcch (  7116) load
I (247) esp_image: segment 3: paddr=000c0020 vaddr=42000020 size=119ed0h (1154768) map
I (454) esp_image: segment 4: paddr=001d9ef8 vaddr=40375bcc size=19400h (103424) load
I (477) esp_image: segment 5: paddr=001f3300 vaddr=600fe000 size=00120h (   288) load
I (488) boot: Loaded app from partition at offset 0x10000
I (488) boot: Disabling RNG early entropy source...
[0;32mI (498) octal_psram: vendor id    : 0x0d (AP)
[0;32mI (499) octal_psram: dev id       : 0x02 (generation 3)
[0;32mI (499) octal_psram: density      : 0x03 (64 Mbit)
[0;32mI (504) octal_psram: good-die     : 0x01 (Pass)
[0;32mI (509) octal_psram: Latency      : 0x01 (Fixed)
[0;32mI (514) octal_psram: VCC          : 0x01 (3V)
[0;32mI (519) octal_psram: SRF          : 0x01 (Fast Refresh)
[0;32mI (525) octal_psram: BurstType    : 0x01 (Hybrid Wrap)
[0;32mI (531) octal_psram: BurstLen     : 0x01 (32 Byte)
[0;32mI (536) octal_psram: Readlatency  : 0x02 (10 cycles@Fixed)
[0;32mI (543) octal_psram: DriveStrength: 0x00 (1/1)
[0;32mI (548) esp_psram: Found 8MB PSRAM device
[0;32mI (552) esp_psram: Speed: 40MHz
[0;32mI (556) cpu_start: Multicore app
[0;32mI (1291) esp_psram: SPI SRAM memory test OK
[0;32mI (1300) cpu_start: Pro cpu start user code
I (1300) cpu_start: cpu freq: 240000000 Hz
[0;32mI (1300) app_init: Application information:
[0;32mI (1303) app_init: Project name:     Mobus_V2
[0;32mI (1308) app_init: App version:      f3a3f48-dirty
[0;32mI (1314) app_init: Compile time:     Feb 19 2026 21:18:36
[0;32mI (1320) app_init: ELF file SHA256:  0331ae611759c191...
[0;32mI (1326) app_init: ESP-IDF:          5.4.1
[0;32mI (1330) efuse_init: Min chip rev:     v0.0
[0;32mI (1335) efuse_init: Max chip rev:     v0.99
[0;32mI (1340) efuse_init: Chip rev:         v0.2
[0;32mI (1345) heap_init: Initializing. RAM available for dynamic allocation:
[0;32mI (1353) heap_init: At 3FCB4FA8 len 00034768 (209 KiB): RAM
[0;32mI (1359) heap_init: At 3FCE9710 len 00005724 (21 KiB): RAM
[0;32mI (1365) heap_init: At 3FCF0000 len 00008000 (32 KiB): DRAM
[0;32mI (1371) heap_init: At 600FE120 len 00001EC8 (7 KiB): RTCRAM
[0;32mI (1378) esp_psram: Adding pool of 8192K of PSRAM memory to heap allocator
[0;32mI (1386) spi_flash: detected chip: gd
[0;32mI (1389) spi_flash: flash io: dio
[0;33mW (1395) i2c: This driver is an old driver, please migrate your application code to adapt `driver/i2c_master.h`
[0;32mI (1408) sleep_gpio: Configure to isolate all GPIO pins in sleep state
[0;32mI (1412) sleep_gpio: Enable automatic switching of GPIO sleep configuration
[0;32mI (1419) coexist: coex firmware version: e727207
[0;32mI (1424) coexist: coexist rom version e7ae62f
[0;32mI (1430) main_task: Started on CPU0
[0;32mI (1440) esp_psram: Reserving pool of 32K of internal memory for DMA/internal allocations
[0;32mI (1440) main_task: Calling app_main()
Hello world!!!!
[0;32mI (1460) Mobus v3.14: ESP_WIFI_MODE_STA
[0;32mI (1460) pp: pp rom version: e7ae62f
[0;32mI (1460) net80211: net80211 rom version: e7ae62f
I (1470) wifi:wifi driver task: 3fce10d8, prio:23, stack:6656, core=0
Guru Meditation Error: Core  0 panic'ed (LoadProhibited). Exception was unhandled.

Core  0 register dump:
PC      : 0x42032ae4  PS      : 0x00060b30  A0      : 0x8205a0a8  A1      : 0x3fce0980
A2      : 0x3fcb5820  A3      : 0x00000000  A4      : 0x3fcb5820  A5      : 0x3fc9f4c8
A6      : 0x3c19e2c0  A7      : 0x00000000  A8      : 0x82032ad5  A9      : 0x3fce0960
A10     : 0x3fc9f4d4  A11     : 0x00000000  A12     : 0x00060920  A13     : 0x00000080
A14     : 0x00000001  A15     : 0x00000000  SAR     : 0x00000004  EXCCAUSE: 0x0000001c
EXCVADDR: 0x00000000  LBEG    : 0x400556d5  LEND    : 0x400556e5  LCOUNT  : 0xffffffff


Backtrace: 0x42032ae1:0x3fce0980 0x4205a0a5:0x3fce09b0 0x420f7232:0x3fce09d0 0x4203b211:0x3fce09f0 0x4205a0b1:0x3fce0a10 0x420f417a:0x3fce0a30 0x420f3309:0x3fce0a50 0x420f335a:0x3fce0a70 0x420f3a6d:0x3fce0a90 0x4210547f:0x3fce0ac0 0x42104e86:0x3fce0ae0 0x420f4391:0x3fce0e00 0x42119e81:0x3fce0e30 0x420848e5:0x3fce0e60 0x4208a505:0x3fce0ed0 0x4208a85b:0x3fce0f00 0x4208d235:0x3fce0f20 0x4208b7da:0x3fce0f40 0x4038b4bd:0x3fce0f60




ELF file SHA256: 0331ae611759c191

Rebooting...
ESP-ROM:esp32s3-20210327
Build:Mar 27 2021
rst:0xc (RTC_SW_CPU_RST),boot:0xa (SPI_FAST_FLASH_BOOT)
Saved PC:0x40377e79
SPIWP:0xee
mode:DIO, clock div:1
load:0x3fce2810,len:0x15a0
load:0x403c8700,len:0x4
load:0x403c8704,len:0xd20
load:0x403cb700,len:0x2f00
entry 0x403c8920
I (26) boot: ESP-IDF 5.4.1 2nd stage bootloader
I (26) boot: compile time Feb 19 2026 18:17:21
I (26) boot: Multicore bootloader
I (27) boot: chip revision: v0.2
I (29) boot: efuse block revision: v1.3
I (33) boot.esp32s3: Boot SPI Speed : 80MHz
I (37) boot.esp32s3: SPI Mode       : DIO
I (40) boot.esp32s3: SPI Flash Size : 16MB
I (44) boot: Enabling RNG early entropy source...
I (49) boot: Partition Table:
I (51) boot: ## Label            Usage          Type ST Offset   Length
I (58) boot:  0 nvs              WiFi data        01 02 00009000 00004000
I (64) boot:  1 otadata          OTA data         01 00 0000d000 00002000
I (71) boot:  2 phy_init         RF data          01 01 0000f000 00001000
I (77) boot:  3 factory          factory app      00 00 00010000 00400000
I (84) boot:  4 ota_0            OTA app          00 10 00410000 00400000
I (90) boot:  5 ota_1            OTA app          00 11 00810000 00400000
I (97) boot:  6 storage          Unknown data     01 82 00c10000 003f0000
I (103) boot: End of partition table
I (106) boot: Defaulting to factory image
I (110) esp_image: segment 0: paddr=00010020 vaddr=3c120020 size=a865ch (689756) map
I (239) esp_image: segment 1: paddr=000b8684 vaddr=3fc9f000 size=05dc0h ( 24000) load
I (245) esp_image: segment 2: paddr=000be44c vaddr=40374000 size=01bcch (  7116) load
I (247) esp_image: segment 3: paddr=000c0020 vaddr=42000020 size=119ed0h (1154768) map
I (454) esp_image: segment 4: paddr=001d9ef8 vaddr=40375bcc size=19400h (103424) load
I (477) esp_image: segment 5: paddr=001f3300 vaddr=600fe000 size=00120h (   288) load
I (488) boot: Loaded app from partition at offset 0x10000
I (488) boot: Disabling RNG early entropy source...
[0;32mI (498) octal_psram: vendor id    : 0x0d (AP)
I (499) octal_psram: dev id       : 0x02 (generation 3)
[0;32mI (499) octal_psram: density      : 0x03 (64 Mbit)
[0;32mI (504) octal_psram: good-die     : 0x01 (Pass)
[0;32mI (509) octal_psram: Latency      : 0x01 (Fixed)
[0;32mI (514) octal_psram: VCC          : 0x01 (3V)
[0;32mI (519) octal_psram: SRF          : 0x01 (Fast Refresh)
[0;32mI (525) octal_psram: BurstType    : 0x01 (Hybrid Wrap)
[0;32mI (531) octal_psram: BurstLen     : 0x01 (32 Byte)
[0;32mI (536) octal_psram: Readlatency  : 0x02 (10 cycles@Fixed)
[0;32mI (543) octal_psram: DriveStrength: 0x00 (1/1)
[0;32mI (548) esp_psram: Found 8MB PSRAM device
[0;32mI (552) esp_psram: Speed: 40MHz
[0;32mI (556) cpu_start: Multicore app
[0;32mI (1291) esp_psram: SPI SRAM memory test OK
[0;32mI (1300) cpu_start: Pro cpu start user code
I (1300) cpu_start: cpu freq: 240000000 Hz
[0;32mI (1300) app_init: Application information:
[0;32mI (1303) app_init: Project name:     Mobus_V2
[0;32mI (1308) app_init: App version:      f3a3f48-dirty
[0;32mI (1314) app_init: Compile time:     Feb 19 2026 21:18:36
[0;32mI (1320) app_init: ELF file SHA256:  0331ae611759c191...
[0;32mI (1326) app_init: ESP-IDF:          5.4.1
[0;32mI (1330) efuse_init: Min chip rev:     v0.0
[0;32mI (1335) efuse_init: Max chip rev:     v0.99
[0;32mI (1340) efuse_init: Chip rev:         v0.2
[0;32mI (1345) heap_init: Initializing. RAM available for dynamic allocation:
[0;32mI (1353) heap_init: At 3FCB4FA8 len 00034768 (209 KiB): RAM
[0;32mI (1359) heap_init: At 3FCE9710 len 00005724 (21 KiB): RAM
[0;32mI (1365) heap_init: At 3FCF0000 len 00008000 (32 KiB): DRAM
[0;32mI (1371) heap_init: At 600FE120 len 00001EC8 (7 KiB): RTCRAM
[0;32mI (1378) esp_psram: Adding pool of 8192K of PSRAM memory to heap allocator
[0;32mI (1386) spi_flash: detected chip: gd
[0;32mI (1389) spi_flash: flash io: dio
[0;33mW (1395) i2c: This driver is an old driver, please migrate your application code to adapt `driver/i2c_master.h`
[0;32mI (1408) sleep_gpio: Configure to isolate all GPIO pins in sleep state
[0;32mI (1412) sleep_gpio: Enable automatic switching of GPIO sleep configuration
[0;32mI (1419) coexist: coex firmware version: e727207
[0;32mI (1424) coexist: coexist rom version e7ae62f
[0;32mI (1430) main_task: Started on CPU0
[0;32mI (1440) esp_psram: Reserving pool of 32K of internal memory for DMA/internal allocations
[0;32mI (1440) main_task: Calling app_main()
Hello world!!!!
[0;32mI (1460) Mobus v3.14: ESP_WIFI_MODE_STA
[0;32mI (1460) pp: pp rom version: e7ae62f
[0;32mI (1460) net80211: net80211 rom version: e7ae62f
I (1470) wifi:wifi driver task: 3fce10f8, prio:23, stack:6656, core=0
Guru Meditation Error: Core  0 panic'ed (LoadProhibited). Exception was unhandled.

Core  0 register dump:
PC      : 0x42032ae4  PS      : 0x00060b30  A0      : 0x8205a0a8  A1      : 0x3fce0980
A2      : 0x3fcb5820  A3      : 0x00000000  A4      : 0x3fcb5820  A5      : 0x3fc9f4c8
A6      : 0x3c19e2c0  A7      : 0x00000000  A8      : 0x82032ad5  A9      : 0x3fce0960
A10     : 0x3fc9f4d4  A11     : 0x00000000  A12     : 0x00060920  A13     : 0x00000080
A14     : 0x00000001  A15     : 0x00000000  SAR     : 0x00000004  EXCCAUSE: 0x0000001c
EXCVADDR: 0x00000000  LBEG    : 0x400556d5  LEND    : 0x400556e5  LCOUNT  : 0xffffffff


Backtrace: 0x42032ae1:0x3fce0980 0x4205a0a5:0x3fce09b0 0x420f7232:0x3fce09d0 0x4203b211:0x3fce09f0 0x4205a0b1:0x3fce0a10 0x420f417a:0x3fce0a30 0x420f3309:0x3fce0a50 0x420f335a:0x3fce0a70 0x420f3a6d:0x3fce0a90 0x4210547f:0x3fce0ac0 0x42104e49:0x3fce0ae0 0x420f4391:0x3fce0e00 0x42119e81:0x3fce0e30 0x403896a6:0x3fce0e60 0x420848f7:0x3fce0eb0 0x4208d132:0x3fce0f20 0x4208d23f:0x3fce0f40 0x4208b7da:0x3fce0f60 0x4038b4bd:0x3fce0f80




ELF file SHA256: 0331ae611759c191

Rebooting...
ESP-ROM:esp32s3-20210327
Build:Mar 27 2021
rst:0xc (RTC_SW_CPU_RST),boot:0xa (SPI_FAST_FLASH_BOOT)
Saved PC:0x40377e79
SPIWP:0xee
mode:DIO, clock div:1
load:0x3fce2810,len:0x15a0
load:0x403c8700,len:0x4
load:0x403c8704,len:0xd20
load:0x403cb700,len:0x2f00
entry 0x403c8920
I (26) boot: ESP-IDF 5.4.1 2nd stage bootloader
I (26) boot: compile time Feb 19 2026 18:17:21
I (26) boot: Multicore bootloader
I (27) boot: chip revision: v0.2
I (29) boot: efuse block revision: v1.3
I (33) boot.esp32s3: Boot SPI Speed : 80MHz
I (37) boot.esp32s3: SPI Mode       : DIO
I (40) boot.esp32s3: SPI Flash Size : 16MB
I (44) boot: Enabling RNG early entropy source...
I (49) boot: Partition Table:
I (51) boot: ## Label            Usage          Type ST Offset   Length
I (58) boot:  0 nvs              WiFi data        01 02 00009000 00004000
I (64) boot:  1 otadata          OTA data         01 00 0000d000 00002000
I (71) boot:  2 phy_init         RF data          01 01 0000f000 00001000
I (77) boot:  3 factory          factory app      00 00 00010000 00400000
I (84) boot:  4 ota_0            OTA app          00 10 00410000 00400000
I (90) boot:  5 ota_1            OTA app          00 11 00810000 00400000
I (97) boot:  6 storage          Unknown data     01 82 00c10000 003f0000
I (103) boot: End of partition table
I (106) boot: Defaulting to factory image
I (110) esp_image: segment 0: paddr=00010020 vaddr=3c120020 size=a865ch (689756) map
I (239) esp_image: segment 1: paddr=000b8684 vaddr=3fc9f000 size=05dc0h ( 24000) load
I (245) esp_image: segment 2: paddr=000be44c vaddr=40374000 size=01bcch (  7116) load
I (247) esp_image: segment 3: paddr=000c0020 vaddr=42000020 size=119ed0h (1154768) map
I (454) esp_image: segment 4: paddr=001d9ef8 vaddr=40375bcc size=19400h (103424) load
I (477) esp_image: segment 5: paddr=001f3300 vaddr=600fe000 size=00120h (   288) load
I (488) boot: Loaded app from partition at offset 0x10000
I (488) boot: Disabling RNG early entropy source...
[0;32mI (498) octal_psram: vendor id    : 0x0d (AP)
[0;32mI (499) octal_psram: dev id       : 0x02 (generation 3)
[0;32mI (499) octal_psram: density      : 0x03 (64 Mbit)
[0;32mI (504) octal_psram: good-die     : 0x01 (Pass)
[0;32mI (509) octal_psram: Latency      : 0x01 (Fixed)
[0;32mI (514) octal_psram: VCC          : 0x01 (3V)
[0;32mI (519) octal_psram: SRF          : 0x01 (Fast Refresh)
[0;32mI (525) octal_psram: BurstType    : 0x01 (Hybrid Wrap)
[0;32mI (531) octal_psram: BurstLen     : 0x01 (32 Byte)
[0;32mI (536) octal_psram: Readlatency  : 0x02 (10 cycles@Fixed)
[0;32mI (543) octal_psram: DriveStrength: 0x00 (1/1)
[0;32mI (548) esp_psram: Found 8MB PSRAM device
[0;32mI (552) esp_psram: Speed: 40MHz
[0;32mI (556) cpu_start: Multicore app
[0;32mI (1291) esp_psram: SPI SRAM memory test OK
[0;32mI (1300) cpu_start: Pro cpu start user code
I (1300) cpu_start: cpu freq: 240000000 Hz
[0;32mI (1300) app_init: Application information:
[0;32mI (1303) app_init: Project name:     Mobus_V2
[0;32mI (1308) app_init: App version:      f3a3f48-dirty
[0;32mI (1314) app_init: Compile time:     Feb 19 2026 21:18:36
[0;32mI (1320) app_init: ELF file SHA256:  0331ae611759c191...
[0;32mI (1326) app_init: ESP-IDF:          5.4.1
[0;32mI (1330) efuse_init: Min chip rev:     v0.0
[0;32mI (1335) efuse_init: Max chip rev:     v0.99
[0;32mI (1340) efuse_init: Chip rev:         v0.2
[0;32mI (1345) heap_init: Initializing. RAM available for dynamic allocation:
[0;32mI (1353) heap_init: At 3FCB4FA8 len 00034768 (209 KiB): RAM
[0;32mI (1359) heap_init: At 3FCE9710 len 00005724 (21 KiB): RAM
[0;32mI (1365) heap_init: At 3FCF0000 len 00008000 (32 KiB): DRAM
[0;32mI (1371) heap_init: At 600FE120 len 00001EC8 (7 KiB): RTCRAM
[0;32mI (1378) esp_psram: Adding pool of 8192K of PSRAM memory to heap allocator
[0;32mI (1386) spi_flash: detected chip: gd
[0;32mI (1389) spi_flash: flash io: dio
[0;33mW (1395) i2c: This driver is an old driver, please migrate your application code to adapt `driver/i2c_master.h`
[0;32mI (1408) sleep_gpio: Configure to isolate all GPIO pins in sleep state
[0;32mI (1412) sleep_gpio: Enable automatic switching of GPIO sleep configuration
[0;32mI (1419) coexist: coex firmware version: e727207
[0;32mI (1424) coexist: coexist rom version e7ae62f
[0;32mI (1430) main_task: Started on CPU0
[0;32mI (1440) esp_psram: Reserving pool of 32K of internal memory for DMA/internal allocations
[0;32mI (1440) main_task: Calling app_main()
Hello world!!!!
[0;32mI (1460) Mobus v3.14: ESP_WIFI_MODE_STA
[0;32mI (1460) pp: pp rom version: e7ae62f
[0;32mI (1460) net80211: net80211 rom version: e7ae62f
I (1470) wifi:wifi driver task: 3fce10f8, prio:23, stack:6656, core=0
I (1470) wifi:wifi firmware version: 79fa3f41ba
I (1470) wifi:wifi certification version: v7.0
I (1480) wifi:config NVS flash: enabled
I (1480) wifi:config nano formatting: disabled
I (1480) wifi:Init data frame dynamic rx buffer num: 32
I (1490) wifi:Init static rx mgmt buffer num: 5
I (1490) wifi:Init management short buffer num: 32
I (1500) wifi:Init static tx buffer num: 16
I (1500) wifi:Init tx cache buffer num: 32
I (1510) wifi:Init static tx FG buffer num: 2
I (1510) wifi:Init static rx buffer size: 1600
I (1510) wifi:Init static rx buffer num: 10
I (1520) wifi:Init dynamic rx buffer num: 32
[0;32mI (1520) wifi_init: rx ba win: 6
[0;32mI (1530) wifi_init: accept mbox: 6
[0;32mI (1530) wifi_init: tcpip mbox: 32
[0;32mI (1530) wifi_init: udp mbox: 6
[0;32mI (1540) wifi_init: tcp mbox: 6
[0;32mI (1540) wifi_init: tcp tx win: 5744
[0;32mI (1550) wifi_init: tcp rx win: 5744
[0;32mI (1550) wifi_init: tcp mss: 1440
[0;32mI (1550) wifi_init: WiFi/LWIP prefer SPIRAM
[0;32mI (1560) wifi_init: WiFi IRAM OP enabled
[0;32mI (1560) wifi_init: WiFi RX IRAM OP enabled
I (1570) wifi:Set ps type: 1, coexist: 0

[0;32mI (1570) phy_init: phy_version 700,8582a7fd,Feb 10 2025,20:13:11
[0;33mW (1580) phy_init: failed to load RF calibration data (0x1102), falling back to full calibration
[0;32mI (1620) phy_init: Saving new calibration data due to checksum failure or outdated calibration data, mode(2)

assert failed: block_trim_free tlsf_control_functions.h:548 (block_is_free(block) && "block must be free")


Backtrace: 0x40377f35:0x3fce0c10 0x403833f1:0x3fce0c30 0x4038a729:0x3fce0c50 0x40388a09:0x3fce0d70 0x403885c1:0x3fce0d90 0x40378783:0x3fce0db0 0x4037879d:0x3fce0de0 0x403788d7:0x3fce0e00 0x40378aa4:0x3fce0e20 0x4037835e:0x3fce0e80 0x40378371:0x3fce0ea0 0x42090956:0x3fce0ec0 0x42090a74:0x3fce0ef0 0x4208d2c3:0x3fce0f40 0x4208b7da:0x3fce0f60 0x4038b4bd:0x3fce0f80




ELF file SHA256: 0331ae611759c191

Rebooting...
ESP-ROM:esp32s3-20210327
Build:Mar 27 2021
rst:0xc (RTC_SW_CPU_RST),boot:0xa (SPI_FAST_FLASH_BOOT)
Saved PC:0x40377e79
SPIWP:0xee
mode:DIO, clock div:1
load:0x3fce2810,len:0x15a0
load:0x403c8700,len:0x4
load:0x403c8704,len:0xd20
load:0x403cb700,len:0x2f00
entry 0x403c8920
I (26) boot: ESP-IDF 5.4.1 2nd stage bootloader
I (26) boot: compile time Feb 19 2026 18:17:21
I (26) boot: Multicore bootloader
I (27) boot: chip revision: v0.2
I (29) boot: efuse block revision: v1.3
I (33) boot.esp32s3: Boot SPI Speed : 80MHz
I (37) boot.esp32s3: SPI Mode       : DIO
I (40) boot.esp32s3: SPI Flash Size : 16MB
I (44) boot: Enabling RNG early entropy source...
I (49) boot: Partition Table:
I (51) boot: ## Label            Usage          Type ST Offset   Length
I (58) boot:  0 nvs              WiFi data        01 02 00009000 00004000
I (64) boot:  1 otadata          OTA data         01 00 0000d000 00002000
I (71) boot:  2 phy_init         RF data          01 01 0000f000 00001000
I (77) boot:  3 factory          factory app      00 00 00010000 00400000
I (84) boot:  4 ota_0            OTA app          00 10 00410000 00400000
I (90) boot:  5 ota_1            OTA app          00 11 00810000 00400000
I (97) boot:  6 storage          Unknown data     01 82 00c10000 003f0000
I (103) boot: End of partition table
I (106) boot: Defaulting to factory image
I (110) esp_image: segment 0: paddr=00010020 vaddr=3c120020 size=a865ch (689756) map
I (239) esp_image: segment 1: paddr=000b8684 vaddr=3fc9f000 size=05dc0h ( 24000) load
I (245) esp_image: segment 2: paddr=000be44c vaddr=40374000 size=01bcch (  7116) load
I (247) esp_image: segment 3: paddr=000c0020 vaddr=42000020 size=119ed0h (1154768) map
I (454) esp_image: segment 4: paddr=001d9ef8 vaddr=40375bcc size=19400h (103424) load
I (477) esp_image: segment 5: paddr=001f3300 vaddr=600fe000 size=00120h (   288) load
I (488) boot: Loaded app from partition at offset 0x10000
I (488) boot: Disabling RNG early entropy source...
[0;32mI (498) octal_psram: vendor id    : 0x0d (AP)
[0;32mI (499) octal_psram: dev id       : 0x02 (generation 3)
[0;32mI (499) octal_psram: density      : 0x03 (64 Mbit)
[0;32mI (504) octal_psram: good-die     : 0x01 (Pass)
[0;32mI (509) octal_psram: Latency      : 0x01 (Fixed)
[0;32mI (514) octal_psram: VCC          : 0x01 (3V)
[0;32mI (519) octal_psram: SRF          : 0x01 (Fast Refresh)
[0;32mI (525) octal_psram: BurstType    : 0x01 (Hybrid Wrap)
[0;32mI (531) octal_psram: BurstLen     : 0x01 (32 Byte)
[0;32mI (536) octal_psram: Readlatency  : 0x02 (10 cycles@Fixed)
[0;32mI (543) octal_psram: DriveStrength: 0x00 (1/1)
[0;32mI (548) esp_psram: Found 8MB PSRAM device
[0;32mI (552) esp_psram: Speed: 40MHz
[0;32mI (556) cpu_start: Multicore app
[0;32mI (1291) esp_psram: SPI SRAM memory test OK
[0;32mI (1300) cpu_start: Pro cpu start user code
I (1300) cpu_start: cpu freq: 240000000 Hz
[0;32mI (1300) app_init: Application information:
[0;32mI (1303) app_init: Project name:     Mobus_V2
[0;32mI (1308) app_init: App version:      f3a3f48-dirty
[0;32mI (1314) app_init: Compile time:     Feb 19 2026 21:18:36
[0;32mI (1320) app_init: ELF file SHA256:  0331ae611759c191...
[0;32mI (1326) app_init: ESP-IDF:          5.4.1
[0;32mI (1330) efuse_init: Min chip rev:     v0.0
[0;32mI (1335) efuse_init: Max chip rev:     v0.99
[0;32mI (1340) efuse_init: Chip rev:         v0.2
[0;32mI (1345) heap_init: Initializing. RAM available for dynamic allocation:
[0;32mI (1353) heap_init: At 3FCB4FA8 len 00034768 (209 KiB): RAM
[0;32mI (1359) heap_init: At 3FCE9710 len 00005724 (21 KiB): RAM
[0;32mI (1365) heap_init: At 3FCF0000 len 00008000 (32 KiB): DRAM
[0;32mI (1371) heap_init: At 600FE120 len 00001EC8 (7 KiB): RTCRAM
[0;32mI (1378) esp_psram: Adding pool of 8192K of PSRAM memory to heap allocator
[0;32mI (1386) spi_flash: detected chip: gd
[0;32mI (1389) spi_flash: flash io: dio
[0;33mW (1395) i2c: This driver is an old driver, please migrate your application code to adapt `driver/i2c_master.h`
[0;32mI (1408) sleep_gpio: Configure to isolate all GPIO pins in sleep state
[0;32mI (1412) sleep_gpio: Enable automatic switching of GPIO sleep configuration
[0;32mI (1419) coexist: coex firmware version: e727207
[0;32mI (1424) coexist: coexist rom version e7ae62f
[0;32mI (1430) main_task: Started on CPU0
[0;32mI (1440) esp_psram: Reserving pool of 32K of internal memory for DMA/internal allocations
[0;32mI (1440) main_task: Calling app_main()
Hello world!!!!
[0;32mI (1460) Mobus v3.14: ESP_WIFI_MODE_STA
[0;32mI (1460) pp: pp rom version: e7ae62f
[0;32mI (1460) net80211: net80211 rom version: e7ae62f
I (1470) wifi:wifi driver task: 3fce1118, prio:23, stack:6656, core=0
I (1470) wifi:wifi firmware version: 79fa3f41ba
I (1470) wifi:wifi certification version: v7.0
I (1480) wifi:config NVS flash: enabled
I (1480) wifi:config nano formatting: disabled
I (1490) wifi:Init data frame dynamic rx buffer num: 32
I (1490) wifi:Init static rx mgmt buffer num: 5
I (1490) wifi:Init management short buffer num: 32
I (1500) wifi:Init static tx buffer num: 16
I (1500) wifi:Init tx cache buffer num: 32
I (1510) wifi:Init static tx FG buffer num: 2
I (1510) wifi:Init static rx buffer size: 1600
I (1520) wifi:Init static rx buffer num: 10
I (1520) wifi:Init dynamic rx buffer num: 32
[0;32mI (1520) wifi_init: rx ba win: 6
[0;32mI (1530) wifi_init: accept mbox: 6
[0;32mI (1530) wifi_init: tcpip mbox: 32
[0;32mI (1540) wifi_init: udp mbox: 6
[0;32mI (1540) wifi_init: tcp mbox: 6
[0;32mI (1540) wifi_init: tcp tx win: 5744
[0;32mI (1550) wifi_init: tcp rx win: 5744
[0;32mI (1550) wifi_init: tcp mss: 1440
[0;32mI (1560) wifi_init: WiFi/LWIP prefer SPIRAM
[0;32mI (1560) wifi_init: WiFi IRAM OP enabled
[0;32mI (1570) wifi_init: WiFi RX IRAM OP enabled
I (1570) wifi:Set ps type: 1, coexist: 0

[0;32mI (1570) phy_init: phy_version 700,8582a7fd,Feb 10 2025,20:13:11
I (1620) wifi:mode : sta (80:65:99:b9:25:68)
I (1620) wifi:enable tsf
[0;33mW (1620) Mobus v3.14: Wi-Fi unavailable; switching to BLE fallback
[0;31mE (1620) NVS: Invalid key length: key='ble_auto_fallback' len=16 (max=15)
I (1630) wifi:flush txq
I (1630) wifi:stop sw txq
I (1630) wifi:lmac stop hw txq
[0;32mI (1640) BLE_INIT: BT controller compile version [d74042a]
[0;32mI (1640) BLE_INIT: Bluetooth MAC: 80:65:99:b9:25:6a
I (1650) BLE_UART: nimble_port_init OK
[0;32mI (1650) NimBLE: GAP procedure initiated: stop advertising.

[0;32mI (1660) NimBLE: Failed to restore IRKs from store; status=8
[0m
[0;32mI (1670) NimBLE: GAP procedure initiated: advertise;
[0;32mI (1670) NimBLE: disc_mode=2
[0;32mI (1670) NimBLE:  adv_channel_map=7 own_addr_type=0 adv_filter_policy=0 adv_itvl_min=160 adv_itvl_max=240
[0;32mI (1680) NimBLE:
[0m
[0;32mI (1690) BLE_UART: NimBLE advertising started (Mo-Bus)
[0;32mI (1690) BLE_UART: nimble_port_freertos_init OK
[0;32mI (1700) Mobus v3.14: Initializing SNTP
Start Rtc Task...Enabling EXT0 wakeup on pin GPIO3
[0;32mI (1710) gpio: GPIO[42]| InputEn: 0| OutputEn: 1| OpenDrain: 0| Pullup: 0| Pulldown: 0| Intr:0
Booting!!!
[0;31mE (4400) Mobus v3.14: [OLED] stack alloc failed (ProfileSetting, bytes=16384 free=23351 largest=15360)
Start Menu Task...I (4400) Mobus v3.14: Connected to AP, begin http example
[0;32mI (4400) JOYSTICK: calibration scheme version is Curve Fitting
[0;32mI (4410) JOYSTICK: Calibration Success
[0;32mI (4410) JOYSTICK: calibration scheme version is Curve Fitting
[0;32mI (4420) JOYSTICK: Calibration Success
[0;32mI (4420) gpio: GPIO[46]| InputEn: 1| OutputEn: 0| OpenDrain: 0| Pullup: 0| Pulldown: 1| Intr:3
[0;32mI (4430) gpio: GPIO[5]| InputEn: 1| OutputEn: 0| OpenDrain: 0| Pullup: 0| Pulldown: 1| Intr:3
[0;32mI (4440) gpio: GPIO[8]| InputEn: 1| OutputEn: 0| OpenDrain: 0| Pullup: 0| Pulldown: 1| Intr:3


